// Jest Snapshot v1, https://goo.gl/fbAQLP

exports[`<QuestionArtist /> render 1`] = `
<section
  className="game__screen"
>
  <h2
    className="game__title"
  >
    Кто исполняет эту песню?
  </h2>
  <div
    className="game__track"
  >
    <div
      className="track"
    >
      <button
        className="track__button track__button--play"
        onClick={[Function]}
        type="button"
      />
      <div
        className="track__status"
      >
        <audio
          src="https://upload.wikimedia.org/wikipedia/commons/4/4e/BWV_543-fugue.ogg"
        />
      </div>
      
    </div>
  </div>
  <form
    className="game__artist"
    onClick={[Function]}
  >
    <div
      className="artist"
    >
      <input
        className="artist__input visually-hidden"
        defaultValue="answer-0"
        id="answer-0"
        name="answer"
        type="radio"
      />
      <label
        className="artist__name"
        htmlFor="answer-0"
      >
        <img
          alt="Пелагея"
          className="artist__picture"
          src="https://api.adorable.io/avatars/128"
        />
        Пелагея
      </label>
    </div>
    <div
      className="artist"
    >
      <input
        className="artist__input visually-hidden"
        defaultValue="answer-1"
        id="answer-1"
        name="answer"
        type="radio"
      />
      <label
        className="artist__name"
        htmlFor="answer-1"
      >
        <img
          alt="Моргенштерн"
          className="artist__picture"
          src="https://api.adorable.io/avatars/128"
        />
        Моргенштерн
      </label>
    </div>
    <div
      className="artist"
    >
      <input
        className="artist__input visually-hidden"
        defaultValue="answer-2"
        id="answer-2"
        name="answer"
        type="radio"
      />
      <label
        className="artist__name"
        htmlFor="answer-2"
      >
        <img
          alt="Элджей"
          className="artist__picture"
          src="https://api.adorable.io/avatars/128"
        />
        Элджей
      </label>
    </div>
  </form>
</section>
`;
